pub   1024D/F950DA9C 2000-02-06
uid                  GnuPG test key (for testing purposes only)
sig 3        F950DA9C 2007-04-20  GnuPG test key (for testing purposes only)
sig          260C4FA3 2000-03-16  Frank J. Tobin <ftobin@neverending.org>
sig 3        F950DA9C 2000-02-06  GnuPG test key (for testing purposes only)
uid                  Foo Bar (1)
sig 3        F950DA9C 2007-04-20  GnuPG test key (for testing purposes only)
sig          260C4FA3 2000-03-16  Frank J. Tobin <ftobin@neverending.org>
sig 3        F950DA9C 2000-03-16  GnuPG test key (for testing purposes only)
sub    768g/2E854A6B 2000-02-06
sig          F950DA9C 2007-04-20  GnuPG test key (for testing purposes only)

