test/pubring.gpg
----------------
pub   1024D/F950DA9C 2000-02-06
uid                  GnuPG test key (for testing purposes only)
uid                  Foo Bar (1)
sub    768g/2E854A6B 2000-02-06

pub   1024D/260C4FA3 1999-04-22 [expired: 2001-04-21]
uid                  Frank J. Tobin <ftobin@neverending.org>
uid                  Frank J. Tobin <ftobin@bigfoot.com>
uid                  Dekan
uid                  Frank J. Tobin <ftobin@uiuc.edu>

